--- PASS: TestAccountsCanSendMoney (112.79s)
ok  	github.com/Quarkonium-chain/go-quarkonium/test/e2e-go/features/transactions	113.107s
