--- PASS: TestAlgodLogsToFile (6.64s)
ok  	github.com/Quarkonium-chain/go-quarkonium/test/e2e-go/cli/algod	6.744s
